
> vantage-app@0.1.0 build
> next build

Γû▓ Next.js 16.1.6 (Turbopack)
- Environments: .env.local

node.exe : ΓÜá The 
"middleware" file 
convention is 
deprecated. Please 
use "proxy" instead. 
Learn more: https://n
extjs.org/docs/messag
es/middleware-to-prox
y
At line:1 char:1
+ & "C:\Program Files
\nodejs/node.exe" 
"C:\Program 
Files\nodejs/node_mo 
...
+ ~~~~~~~~~~~~~~~~~~~
~~~~~~~~~~~~~~~~~~~~~
~~~~~~~~~~~~~~~~~~~~~
~~~~~~~~
    + CategoryInfo   
           : NotSpe  
  cified: (ΓÜá The   
  "middle...lewar    
e-to-proxy:Strin    
g) [], RemoteExc    
eption
    + FullyQualified 
   ErrorId : Native  
  CommandError
 
  Creating an optimized production build ...
Γ£ô Compiled successfully in 2.9s
  Running TypeScript ...
Failed to compile.

.next/dev/types/valid
ator.ts:197:39
Type error: Cannot 
find module '../../..
/src/app/update-passw
ord/success/page.js' 
or its corresponding 
type declarations.

[0m [90m 195 
|[39m {
 [90m 196 |[39m   
type __IsExpected[33
m<[39m[33mSpecific
[39m 
[36mextends[39m [3
3mAppPageConfig[39m
[33m<[39m[32m"/upda
te-password/success"
[39m[33m>>[39m 
[33m=[39m 
[33mSpecific[39m
[31m[1m>[22m[39m
[90m 197 |[39m   
[36mconst[39m 
handler [33m=[39m 
{} [36mas[39m 
[36mtypeof[39m [36
mimport[39m([32m"..
/../../src/app/update
-password/success/pag
e.js"[39m)
 [90m     |[39m    
                     
              
[31m[1m^[22m[39m
 [90m 198 |[39m   
type __Check 
[33m=[39m __IsExpec
ted[33m<[39m[36mty
peof[39m 
handler[33m>[39m
 [90m 199 |[39m   
[90m// 
@ts-ignore[39m
 [90m 200 |[39m   
type __Unused 
[33m=[39m 
__Check[0m
Next.js build worker 
exited with code: 1 
and signal: null
